<?xml version="1.0" encoding="UTF-8"?>
<TestRun id="1ecb98b2-2b7b-41d6-8fe4-04a511589a8b" name="AdamK117@ADAMK117-PC 2013-04-18 19:10:21" runUser="AdamK117-PC\AdamK117" xmlns="http://microsoft.com/schemas/VisualStudio/TeamTest/2010">
  <TestSettings name="Local" id="003826a5-a045-4c04-9e0a-eb37b7bf6aff">
    <Description>These are default test settings for a local test run.</Description>
    <Deployment enabled="false" runDeploymentRoot="AdamK117_ADAMK117-PC 2013-04-18 19_10_21">
      <DeploymentItem filename="V:\SafetyProgram\SafetyProgram\bin\Debug\SafetyProgram.exe" />
      <DeploymentItem filename="V:\SafetyProgram\SafetyProgram.Document\bin\Debug\SafetyProgram.Document.dll" />
      <DeploymentItem filename="V:\SafetyProgram\Moq.4.0.10827\NET40\Moq.dll" />
      <DeploymentItem filename="V:\SafetyProgram\SafetyProgram.BaseClasses\bin\Debug\SafetyProgram.BaseClasses.dll" />
      <DeploymentItem filename="V:\SafetyProgram\Fluent.dll" />
    </Deployment>
    <Execution>
      <TestTypeSpecific />
      <AgentRule name="Execution Agents">
      </AgentRule>
    </Execution>
  </TestSettings>
  <Times creation="2013-04-18T19:10:21.3450017+01:00" queuing="2013-04-18T19:10:21.3675020+01:00" start="2013-04-18T19:10:21.3712521+01:00" finish="2013-04-18T19:10:21.8075088+01:00" />
  <ResultSummary outcome="Completed">
    <Counters total="4" executed="4" passed="4" error="0" failed="0" timeout="0" aborted="0" inconclusive="0" passedButRunAborted="0" notRunnable="0" notExecuted="0" disconnected="0" warning="0" completed="0" inProgress="0" pending="0" />
  </ResultSummary>
  <TestDefinitions>
    <UnitTest name="CoshhWindow_ChangeDocument" storage="v:\safetyprogram\safetyprogram.unittests\bin\debug\safetyprogram.unittests.dll" id="df889819-eb8d-5692-fb30-5757c6f0bc18">
      <Execution id="e44d1e7c-7ab0-4e9c-92bc-7de4df99b4b6" />
      <TestMethod codeBase="V:/SafetyProgram/SafetyProgram.UnitTests/bin/Debug/SafetyProgram.UnitTests.DLL" adapterTypeName="Microsoft.VisualStudio.TestTools.TestTypes.Unit.UnitTestAdapter, Microsoft.VisualStudio.QualityTools.Tips.UnitTest.Adapter, Version=10.0.0.0, Culture=neutral, PublicKeyToken=b03f5f7f11d50a3a" className="SafetyProgram.UnitTests.UnitTest1, SafetyProgram.UnitTests, Version=1.0.0.0, Culture=neutral, PublicKeyToken=null" name="CoshhWindow_ChangeDocument" />
    </UnitTest>
    <UnitTest name="CoshhWindow_TestConstruction" storage="v:\safetyprogram\safetyprogram.unittests\bin\debug\safetyprogram.unittests.dll" id="d9cc4aff-edae-676f-47f0-47e1cca33231">
      <Execution id="fd59bcaa-7751-4caf-ba64-88d5d883c7be" />
      <TestMethod codeBase="V:/SafetyProgram/SafetyProgram.UnitTests/bin/Debug/SafetyProgram.UnitTests.DLL" adapterTypeName="Microsoft.VisualStudio.TestTools.TestTypes.Unit.UnitTestAdapter, Microsoft.VisualStudio.QualityTools.Tips.UnitTest.Adapter, Version=10.0.0.0, Culture=neutral, PublicKeyToken=b03f5f7f11d50a3a" className="SafetyProgram.UnitTests.UnitTest1, SafetyProgram.UnitTests, Version=1.0.0.0, Culture=neutral, PublicKeyToken=null" name="CoshhWindow_TestConstruction" />
    </UnitTest>
    <UnitTest name="CoshhWindow_ChangeService" storage="v:\safetyprogram\safetyprogram.unittests\bin\debug\safetyprogram.unittests.dll" id="bdd91995-8006-0fd6-0e1e-419106fc07b3">
      <Execution id="8c3bd87b-8a24-4ac4-833b-c1b85851ddcb" />
      <TestMethod codeBase="V:/SafetyProgram/SafetyProgram.UnitTests/bin/Debug/SafetyProgram.UnitTests.DLL" adapterTypeName="Microsoft.VisualStudio.TestTools.TestTypes.Unit.UnitTestAdapter, Microsoft.VisualStudio.QualityTools.Tips.UnitTest.Adapter, Version=10.0.0.0, Culture=neutral, PublicKeyToken=b03f5f7f11d50a3a" className="SafetyProgram.UnitTests.UnitTest1, SafetyProgram.UnitTests, Version=1.0.0.0, Culture=neutral, PublicKeyToken=null" name="CoshhWindow_ChangeService" />
    </UnitTest>
    <UnitTest name="CoshhWindow_SetDocumentNull" storage="v:\safetyprogram\safetyprogram.unittests\bin\debug\safetyprogram.unittests.dll" id="063ab738-f76a-6b26-2235-c0d5ff5b1865">
      <Execution id="5c30c867-426a-423d-bcc8-7f3fdce24a6e" />
      <TestMethod codeBase="V:/SafetyProgram/SafetyProgram.UnitTests/bin/Debug/SafetyProgram.UnitTests.DLL" adapterTypeName="Microsoft.VisualStudio.TestTools.TestTypes.Unit.UnitTestAdapter, Microsoft.VisualStudio.QualityTools.Tips.UnitTest.Adapter, Version=10.0.0.0, Culture=neutral, PublicKeyToken=b03f5f7f11d50a3a" className="SafetyProgram.UnitTests.UnitTest1, SafetyProgram.UnitTests, Version=1.0.0.0, Culture=neutral, PublicKeyToken=null" name="CoshhWindow_SetDocumentNull" />
    </UnitTest>
  </TestDefinitions>
  <TestLists>
    <TestList name="Results Not in a List" id="8c84fa94-04c1-424b-9868-57a2d4851a1d" />
    <TestList name="All Loaded Results" id="19431567-8539-422a-85d7-44ee4e166bda" />
  </TestLists>
  <TestEntries>
    <TestEntry testId="063ab738-f76a-6b26-2235-c0d5ff5b1865" executionId="5c30c867-426a-423d-bcc8-7f3fdce24a6e" testListId="8c84fa94-04c1-424b-9868-57a2d4851a1d" />
    <TestEntry testId="bdd91995-8006-0fd6-0e1e-419106fc07b3" executionId="8c3bd87b-8a24-4ac4-833b-c1b85851ddcb" testListId="8c84fa94-04c1-424b-9868-57a2d4851a1d" />
    <TestEntry testId="d9cc4aff-edae-676f-47f0-47e1cca33231" executionId="fd59bcaa-7751-4caf-ba64-88d5d883c7be" testListId="8c84fa94-04c1-424b-9868-57a2d4851a1d" />
    <TestEntry testId="df889819-eb8d-5692-fb30-5757c6f0bc18" executionId="e44d1e7c-7ab0-4e9c-92bc-7de4df99b4b6" testListId="8c84fa94-04c1-424b-9868-57a2d4851a1d" />
  </TestEntries>
  <Results>
    <UnitTestResult executionId="5c30c867-426a-423d-bcc8-7f3fdce24a6e" testId="063ab738-f76a-6b26-2235-c0d5ff5b1865" testName="CoshhWindow_SetDocumentNull" computerName="ADAMK117-PC" duration="00:00:00.2588173" startTime="2013-04-18T19:10:21.3725021+01:00" endTime="2013-04-18T19:10:21.7550080+01:00" testType="13cdc9d9-ddb5-4fa4-a97d-d965ccfc6d4b" outcome="Passed" testListId="8c84fa94-04c1-424b-9868-57a2d4851a1d" relativeResultsDirectory="5c30c867-426a-423d-bcc8-7f3fdce24a6e">
    </UnitTestResult>
    <UnitTestResult executionId="8c3bd87b-8a24-4ac4-833b-c1b85851ddcb" testId="bdd91995-8006-0fd6-0e1e-419106fc07b3" testName="CoshhWindow_ChangeService" computerName="ADAMK117-PC" duration="00:00:00.0097032" startTime="2013-04-18T19:10:21.7562580+01:00" endTime="2013-04-18T19:10:21.7687582+01:00" testType="13cdc9d9-ddb5-4fa4-a97d-d965ccfc6d4b" outcome="Passed" testListId="8c84fa94-04c1-424b-9868-57a2d4851a1d" relativeResultsDirectory="8c3bd87b-8a24-4ac4-833b-c1b85851ddcb">
    </UnitTestResult>
    <UnitTestResult executionId="fd59bcaa-7751-4caf-ba64-88d5d883c7be" testId="d9cc4aff-edae-676f-47f0-47e1cca33231" testName="CoshhWindow_TestConstruction" computerName="ADAMK117-PC" duration="00:00:00.0082867" startTime="2013-04-18T19:10:21.7700082+01:00" endTime="2013-04-18T19:10:21.7812584+01:00" testType="13cdc9d9-ddb5-4fa4-a97d-d965ccfc6d4b" outcome="Passed" testListId="8c84fa94-04c1-424b-9868-57a2d4851a1d" relativeResultsDirectory="fd59bcaa-7751-4caf-ba64-88d5d883c7be">
    </UnitTestResult>
    <UnitTestResult executionId="e44d1e7c-7ab0-4e9c-92bc-7de4df99b4b6" testId="df889819-eb8d-5692-fb30-5757c6f0bc18" testName="CoshhWindow_ChangeDocument" computerName="ADAMK117-PC" duration="00:00:00.0094371" startTime="2013-04-18T19:10:21.7825084+01:00" endTime="2013-04-18T19:10:21.7950086+01:00" testType="13cdc9d9-ddb5-4fa4-a97d-d965ccfc6d4b" outcome="Passed" testListId="8c84fa94-04c1-424b-9868-57a2d4851a1d" relativeResultsDirectory="e44d1e7c-7ab0-4e9c-92bc-7de4df99b4b6">
    </UnitTestResult>
  </Results>
</TestRun>