<?xml version="1.0" encoding="UTF-8"?>
<TestRun id="49085bb5-f47e-4d3d-81f9-933473786ce7" name="AdamK117@ADAMK117-PC 2013-04-11 19:08:15" runUser="AdamK117-PC\AdamK117" xmlns="http://microsoft.com/schemas/VisualStudio/TeamTest/2010">
  <TestSettings name="Local" id="003826a5-a045-4c04-9e0a-eb37b7bf6aff">
    <Description>These are default test settings for a local test run.</Description>
    <Deployment enabled="false" runDeploymentRoot="AdamK117_ADAMK117-PC 2013-04-11 19_08_15">
      <DeploymentItem filename="V:\SafetyProgram\SafetyProgram.DocObjects\bin\Debug\SafetyProgram.DocObjects.dll" />
      <DeploymentItem filename="V:\SafetyProgram\SafetyProgram.Document\bin\Debug\SafetyProgram.Document.dll" />
      <DeploymentItem filename="V:\SafetyProgram\SafetyProgram.UserControls\bin\Debug\SafetyProgram.UserControls.dll" />
      <DeploymentItem filename="V:\SafetyProgram\SafetyProgram.Models\bin\Debug\SafetyProgram.Models.dll" />
      <DeploymentItem filename="V:\SafetyProgram\SafetyProgram\bin\Debug\SafetyProgram.exe" />
    </Deployment>
    <Execution>
      <TestTypeSpecific />
      <AgentRule name="Execution Agents">
      </AgentRule>
    </Execution>
  </TestSettings>
  <Times creation="2013-04-11T19:08:15.8366988+01:00" queuing="2013-04-11T19:08:17.2127776+01:00" start="2013-04-11T19:08:17.2667806+01:00" finish="2013-04-11T19:10:09.5832048+01:00" />
  <ResultSummary outcome="Error">
    <Counters total="6" executed="2" error="0" failed="1" timeout="0" aborted="1" inconclusive="0" passedButRunAborted="0" notRunnable="0" notExecuted="4" disconnected="0" warning="0" passed="0" completed="0" inProgress="0" pending="0" />
    <RunInfos>
      <RunInfo computerName="ADAMK117-PC" outcome="Error" timestamp="2013-04-11T19:10:09.5822047+01:00">
        <Text>Test host process exited unexpectedly.</Text>
      </RunInfo>
    </RunInfos>
  </ResultSummary>
  <TestDefinitions>
    <UnitTest name="ViewTest" storage="v:\safetyprogram\safetyprogram.unittests\bin\debug\safetyprogram.unittests.dll" id="8c2a5155-8228-92ec-f366-f03d57ef7d98">
      <Execution id="d0178c11-138d-4b92-8e09-aaca6ee8ed62" />
      <TestMethod codeBase="V:/SafetyProgram/SafetyProgram.UnitTests/bin/Debug/SafetyProgram.UnitTests.DLL" adapterTypeName="Microsoft.VisualStudio.TestTools.TestTypes.Unit.UnitTestAdapter, Microsoft.VisualStudio.QualityTools.Tips.UnitTest.Adapter, Version=10.0.0.0, Culture=neutral, PublicKeyToken=b03f5f7f11d50a3a" className="SafetyProgram.UnitTests.CoshhWindowTest, SafetyProgram.UnitTests, Version=1.0.0.0, Culture=neutral, PublicKeyToken=null" name="ViewTest" />
    </UnitTest>
    <UnitTest name="RibbonTest" storage="v:\safetyprogram\safetyprogram.unittests\bin\debug\safetyprogram.unittests.dll" id="c7d694eb-9ca8-3672-1fde-0998cf91dab8">
      <Execution id="fd3e0c8a-1ae9-4c47-b96b-160e56570774" />
      <TestMethod codeBase="V:/SafetyProgram/SafetyProgram.UnitTests/bin/Debug/SafetyProgram.UnitTests.DLL" adapterTypeName="Microsoft.VisualStudio.TestTools.TestTypes.Unit.UnitTestAdapter, Microsoft.VisualStudio.QualityTools.Tips.UnitTest.Adapter, Version=10.0.0.0, Culture=neutral, PublicKeyToken=b03f5f7f11d50a3a" className="SafetyProgram.UnitTests.CoshhWindowTest, SafetyProgram.UnitTests, Version=1.0.0.0, Culture=neutral, PublicKeyToken=null" name="RibbonTest" />
    </UnitTest>
    <UnitTest name="CommandsTest" storage="v:\safetyprogram\safetyprogram.unittests\bin\debug\safetyprogram.unittests.dll" id="44850128-99d4-0339-a78c-f742182cb935">
      <Execution id="5221d8e2-ea4d-4d9a-92d6-7569b28340b9" />
      <TestMethod codeBase="V:/SafetyProgram/SafetyProgram.UnitTests/bin/Debug/SafetyProgram.UnitTests.DLL" adapterTypeName="Microsoft.VisualStudio.TestTools.TestTypes.Unit.UnitTestAdapter, Microsoft.VisualStudio.QualityTools.Tips.UnitTest.Adapter, Version=10.0.0.0, Culture=neutral, PublicKeyToken=b03f5f7f11d50a3a" className="SafetyProgram.UnitTests.CoshhWindowTest, SafetyProgram.UnitTests, Version=1.0.0.0, Culture=neutral, PublicKeyToken=null" name="CommandsTest" />
    </UnitTest>
    <UnitTest name="ServiceTest" storage="v:\safetyprogram\safetyprogram.unittests\bin\debug\safetyprogram.unittests.dll" id="d5dbe430-f88b-6e24-d53e-bac5531ce0f5">
      <Execution id="6dca2acc-0b15-4e36-911c-78754b96c978" />
      <TestMethod codeBase="V:/SafetyProgram/SafetyProgram.UnitTests/bin/Debug/SafetyProgram.UnitTests.DLL" adapterTypeName="Microsoft.VisualStudio.TestTools.TestTypes.Unit.UnitTestAdapter, Microsoft.VisualStudio.QualityTools.Tips.UnitTest.Adapter, Version=10.0.0.0, Culture=neutral, PublicKeyToken=b03f5f7f11d50a3a" className="SafetyProgram.UnitTests.CoshhWindowTest, SafetyProgram.UnitTests, Version=1.0.0.0, Culture=neutral, PublicKeyToken=null" name="ServiceTest" />
    </UnitTest>
    <UnitTest name="DocumentTest" storage="v:\safetyprogram\safetyprogram.unittests\bin\debug\safetyprogram.unittests.dll" id="437eeeea-99b3-29b0-b7d8-8c2d884d1099">
      <Execution id="1e0ff886-0adf-4fbb-b69d-664212a22632" />
      <TestMethod codeBase="V:/SafetyProgram/SafetyProgram.UnitTests/bin/Debug/SafetyProgram.UnitTests.DLL" adapterTypeName="Microsoft.VisualStudio.TestTools.TestTypes.Unit.UnitTestAdapter, Microsoft.VisualStudio.QualityTools.Tips.UnitTest.Adapter, Version=10.0.0.0, Culture=neutral, PublicKeyToken=b03f5f7f11d50a3a" className="SafetyProgram.UnitTests.CoshhWindowTest, SafetyProgram.UnitTests, Version=1.0.0.0, Culture=neutral, PublicKeyToken=null" name="DocumentTest" />
    </UnitTest>
    <UnitTest name="CoshhWindowConstructorTest" storage="v:\safetyprogram\safetyprogram.unittests\bin\debug\safetyprogram.unittests.dll" id="fcb1b691-7dc0-902d-e515-7e674b259b92">
      <Execution id="cde7ff11-b98f-49b3-a27e-7dea4da75e8d" />
      <TestMethod codeBase="V:/SafetyProgram/SafetyProgram.UnitTests/bin/Debug/SafetyProgram.UnitTests.DLL" adapterTypeName="Microsoft.VisualStudio.TestTools.TestTypes.Unit.UnitTestAdapter, Microsoft.VisualStudio.QualityTools.Tips.UnitTest.Adapter, Version=10.0.0.0, Culture=neutral, PublicKeyToken=b03f5f7f11d50a3a" className="SafetyProgram.UnitTests.CoshhWindowTest, SafetyProgram.UnitTests, Version=1.0.0.0, Culture=neutral, PublicKeyToken=null" name="CoshhWindowConstructorTest" />
    </UnitTest>
  </TestDefinitions>
  <TestLists>
    <TestList name="Results Not in a List" id="8c84fa94-04c1-424b-9868-57a2d4851a1d" />
    <TestList name="All Loaded Results" id="19431567-8539-422a-85d7-44ee4e166bda" />
  </TestLists>
  <TestEntries>
    <TestEntry testId="fcb1b691-7dc0-902d-e515-7e674b259b92" executionId="cde7ff11-b98f-49b3-a27e-7dea4da75e8d" testListId="8c84fa94-04c1-424b-9868-57a2d4851a1d" />
    <TestEntry testId="44850128-99d4-0339-a78c-f742182cb935" executionId="5221d8e2-ea4d-4d9a-92d6-7569b28340b9" testListId="8c84fa94-04c1-424b-9868-57a2d4851a1d" />
    <TestEntry testId="437eeeea-99b3-29b0-b7d8-8c2d884d1099" executionId="1e0ff886-0adf-4fbb-b69d-664212a22632" testListId="8c84fa94-04c1-424b-9868-57a2d4851a1d" />
    <TestEntry testId="c7d694eb-9ca8-3672-1fde-0998cf91dab8" executionId="fd3e0c8a-1ae9-4c47-b96b-160e56570774" testListId="8c84fa94-04c1-424b-9868-57a2d4851a1d" />
    <TestEntry testId="d5dbe430-f88b-6e24-d53e-bac5531ce0f5" executionId="6dca2acc-0b15-4e36-911c-78754b96c978" testListId="8c84fa94-04c1-424b-9868-57a2d4851a1d" />
    <TestEntry testId="8c2a5155-8228-92ec-f366-f03d57ef7d98" executionId="d0178c11-138d-4b92-8e09-aaca6ee8ed62" testListId="8c84fa94-04c1-424b-9868-57a2d4851a1d" />
  </TestEntries>
  <Results>
    <UnitTestResult executionId="cde7ff11-b98f-49b3-a27e-7dea4da75e8d" testId="fcb1b691-7dc0-902d-e515-7e674b259b92" testName="CoshhWindowConstructorTest" computerName="ADAMK117-PC" duration="00:00:00.0692446" startTime="2013-04-11T19:08:17.3117832+01:00" endTime="2013-04-11T19:08:17.8758155+01:00" testType="13cdc9d9-ddb5-4fa4-a97d-d965ccfc6d4b" outcome="Failed" testListId="8c84fa94-04c1-424b-9868-57a2d4851a1d" relativeResultsDirectory="cde7ff11-b98f-49b3-a27e-7dea4da75e8d">
      <Output>
        <ErrorInfo>
          <Message>Test method SafetyProgram.UnitTests.CoshhWindowTest.CoshhWindowConstructorTest threw exception: 
System.IO.FileNotFoundException: Could not load file or assembly 'Fluent, Version=2.1.0.0, Culture=neutral, PublicKeyToken=3e436e32a8c5546f' or one of its dependencies. The system cannot find the file specified.=== Pre-bind state information ===
LOG: User = AdamK117-PC\AdamK117
LOG: DisplayName = Fluent, Version=2.1.0.0, Culture=neutral, PublicKeyToken=3e436e32a8c5546f
 (Fully-specified)
LOG: Appbase = file:///V:/SafetyProgram/SafetyProgram.UnitTests/bin/Debug
LOG: Initial PrivatePath = NULL
Calling assembly : SafetyProgram, Version=1.0.0.0, Culture=neutral, PublicKeyToken=null.
===
LOG: This bind starts in default load context.
LOG: Using application configuration file: C:\Program Files (x86)\Microsoft Visual Studio 10.0\Common7\IDE\QTAgent32.exe.Config
LOG: Using host configuration file: 
LOG: Using machine configuration file from C:\Windows\Microsoft.NET\Framework\v4.0.30319\config\machine.config.
LOG: Post-policy reference: Fluent, Version=2.1.0.0, Culture=neutral, PublicKeyToken=3e436e32a8c5546f
LOG: Attempting download of new URL file:///V:/SafetyProgram/SafetyProgram.UnitTests/bin/Debug/Fluent.DLL.
LOG: Attempting download of new URL file:///V:/SafetyProgram/SafetyProgram.UnitTests/bin/Debug/Fluent/Fluent.DLL.
LOG: Attempting download of new URL file:///V:/SafetyProgram/SafetyProgram.UnitTests/bin/Debug/PrivateAssemblies/Fluent.DLL.
LOG: Attempting download of new URL file:///V:/SafetyProgram/SafetyProgram.UnitTests/bin/Debug/PrivateAssemblies/Fluent/Fluent.DLL.
LOG: Attempting download of new URL file:///V:/SafetyProgram/SafetyProgram.UnitTests/bin/Debug/PublicAssemblies/Fluent.DLL.
LOG: Attempting download of new URL file:///V:/SafetyProgram/SafetyProgram.UnitTests/bin/Debug/PublicAssemblies/Fluent/Fluent.DLL.
LOG: Attempting download of new URL file:///V:/SafetyProgram/SafetyProgram.UnitTests/bin/Debug/DataCollectors/Fluent.DLL.
LOG: Attempting download of new URL file:///V:/SafetyProgram/SafetyProgram.UnitTests/bin/Debug/DataCollectors/Fluent/Fluent.DLL.
LOG: Attempting download of new URL file:///V:/SafetyProgram/SafetyProgram.UnitTests/bin/Debug/DataCollectors/x86/Fluent.DLL.
LOG: Attempting download of new URL file:///V:/SafetyProgram/SafetyProgram.UnitTests/bin/Debug/DataCollectors/x86/Fluent/Fluent.DLL.
LOG: Attempting download of new URL file:///V:/SafetyProgram/SafetyProgram.UnitTests/bin/Debug/PrivateAssemblies/DataCollectors/Fluent.DLL.
LOG: Attempting download of new URL file:///V:/SafetyProgram/SafetyProgram.UnitTests/bin/Debug/PrivateAssemblies/DataCollectors/Fluent/Fluent.DLL.
LOG: Attempting download of new URL file:///V:/SafetyProgram/SafetyProgram.UnitTests/bin/Debug/PrivateAssemblies/DataCollectors/x86/Fluent.DLL.
LOG: Attempting download of new URL file:///V:/SafetyProgram/SafetyProgram.UnitTests/bin/Debug/PrivateAssemblies/DataCollectors/x86/Fluent/Fluent.DLL.
LOG: Attempting download of new URL file:///V:/SafetyProgram/SafetyProgram.UnitTests/bin/Debug/Fluent.EXE.
LOG: Attempting download of new URL file:///V:/SafetyProgram/SafetyProgram.UnitTests/bin/Debug/Fluent/Fluent.EXE.
LOG: Attempting download of new URL file:///V:/SafetyProgram/SafetyProgram.UnitTests/bin/Debug/PrivateAssemblies/Fluent.EXE.
LOG: Attempting download of new URL file:///V:/SafetyProgram/SafetyProgram.UnitTests/bin/Debug/PrivateAssemblies/Fluent/Fluent.EXE.
LOG: Attempting download of new URL file:///V:/SafetyProgram/SafetyProgram.UnitTests/bin/Debug/PublicAssemblies/Fluent.EXE.
LOG: Attempting download of new URL file:///V:/SafetyProgram/SafetyProgram.UnitTests/bin/Debug/PublicAssemblies/Fluent/Fluent.EXE.
LOG: Attempting download of new URL file:///V:/SafetyProgram/SafetyProgram.UnitTests/bin/Debug/DataCollectors/Fluent.EXE.
LOG: Attempting download of new URL file:///V:/SafetyProgram/SafetyProgram.UnitTests/bin/Debug/DataCollectors/Fluent/Fluent.EXE.
LOG: Attempting download of new URL file:///V:/SafetyProgram/SafetyProgram.UnitTests/bin/Debug/DataCollectors/x86/Fluent.EXE.
LOG: Attempting download of new URL file:///V:/SafetyProgram/SafetyProgram.UnitTests/bin/Debug/DataCollectors/x86/Fluent/Fluent.EXE.
LOG: Attempting download of new URL file:///V:/SafetyProgram/SafetyProgram.UnitTests/bin/Debug/PrivateAssemblies/DataCollectors/Fluent.EXE.
LOG: Attempting download of new URL file:///V:/SafetyProgram/SafetyProgram.UnitTests/bin/Debug/PrivateAssemblies/DataCollectors/Fluent/Fluent.EXE.
LOG: Attempting download of new URL file:///V:/SafetyProgram/SafetyProgram.UnitTests/bin/Debug/PrivateAssemblies/DataCollectors/x86/Fluent.EXE.
LOG: Attempting download of new URL file:///V:/SafetyProgram/SafetyProgram.UnitTests/bin/Debug/PrivateAssemblies/DataCollectors/x86/Fluent/Fluent.EXE.
</Message>
          <StackTrace>    at SafetyProgram.UnitTests.CoshhWindowTest.CoshhWindowConstructorTest()
</StackTrace>
        </ErrorInfo>
      </Output>
    </UnitTestResult>
    <UnitTestResult executionId="5221d8e2-ea4d-4d9a-92d6-7569b28340b9" testId="44850128-99d4-0339-a78c-f742182cb935" testName="CommandsTest" computerName="ADAMK117-PC" duration="00:01:51.7023890" startTime="2013-04-11T19:08:17.8808158+01:00" endTime="2013-04-11T19:10:09.5832048+01:00" testType="13cdc9d9-ddb5-4fa4-a97d-d965ccfc6d4b" outcome="Aborted" testListId="8c84fa94-04c1-424b-9868-57a2d4851a1d" relativeResultsDirectory="5221d8e2-ea4d-4d9a-92d6-7569b28340b9">
    </UnitTestResult>
    <UnitTestResult executionId="1e0ff886-0adf-4fbb-b69d-664212a22632" testId="437eeeea-99b3-29b0-b7d8-8c2d884d1099" testName="DocumentTest" computerName="ADAMK117-PC" testType="13cdc9d9-ddb5-4fa4-a97d-d965ccfc6d4b" outcome="NotExecuted" testListId="8c84fa94-04c1-424b-9868-57a2d4851a1d" relativeResultsDirectory="1e0ff886-0adf-4fbb-b69d-664212a22632">
    </UnitTestResult>
    <UnitTestResult executionId="fd3e0c8a-1ae9-4c47-b96b-160e56570774" testId="c7d694eb-9ca8-3672-1fde-0998cf91dab8" testName="RibbonTest" computerName="ADAMK117-PC" testType="13cdc9d9-ddb5-4fa4-a97d-d965ccfc6d4b" outcome="NotExecuted" testListId="8c84fa94-04c1-424b-9868-57a2d4851a1d" relativeResultsDirectory="fd3e0c8a-1ae9-4c47-b96b-160e56570774">
    </UnitTestResult>
    <UnitTestResult executionId="6dca2acc-0b15-4e36-911c-78754b96c978" testId="d5dbe430-f88b-6e24-d53e-bac5531ce0f5" testName="ServiceTest" computerName="ADAMK117-PC" testType="13cdc9d9-ddb5-4fa4-a97d-d965ccfc6d4b" outcome="NotExecuted" testListId="8c84fa94-04c1-424b-9868-57a2d4851a1d" relativeResultsDirectory="6dca2acc-0b15-4e36-911c-78754b96c978">
    </UnitTestResult>
    <UnitTestResult executionId="d0178c11-138d-4b92-8e09-aaca6ee8ed62" testId="8c2a5155-8228-92ec-f366-f03d57ef7d98" testName="ViewTest" computerName="ADAMK117-PC" testType="13cdc9d9-ddb5-4fa4-a97d-d965ccfc6d4b" outcome="NotExecuted" testListId="8c84fa94-04c1-424b-9868-57a2d4851a1d" relativeResultsDirectory="d0178c11-138d-4b92-8e09-aaca6ee8ed62">
    </UnitTestResult>
  </Results>
</TestRun>