<?xml version="1.0" encoding="UTF-8"?>
<TestRun id="fad160b2-237b-4ae0-825f-43f04a8f752f" name="AdamK117@ADAMK117-PC 2013-04-18 19:32:37" runUser="AdamK117-PC\AdamK117" xmlns="http://microsoft.com/schemas/VisualStudio/TeamTest/2010">
  <TestSettings name="Local" id="003826a5-a045-4c04-9e0a-eb37b7bf6aff">
    <Description>These are default test settings for a local test run.</Description>
    <Deployment enabled="false" runDeploymentRoot="AdamK117_ADAMK117-PC 2013-04-18 19_32_37">
      <DeploymentItem filename="V:\SafetyProgram\SafetyProgram.Document\bin\Debug\SafetyProgram.Document.dll" />
      <DeploymentItem filename="V:\SafetyProgram\SafetyProgram.BaseClasses\bin\Debug\SafetyProgram.BaseClasses.dll" />
      <DeploymentItem filename="V:\SafetyProgram\Fluent.dll" />
      <DeploymentItem filename="V:\SafetyProgram\SafetyProgram\bin\Debug\SafetyProgram.exe" />
      <DeploymentItem filename="V:\SafetyProgram\Moq.4.0.10827\NET40\Moq.dll" />
      <DeploymentItem filename="V:\SafetyProgram\SafetyProgram.DocObjects\bin\Debug\SafetyProgram.DocObjects.dll" />
    </Deployment>
    <Execution>
      <TestTypeSpecific />
      <AgentRule name="Execution Agents">
      </AgentRule>
    </Execution>
  </TestSettings>
  <Times creation="2013-04-18T19:32:37.3385617+01:00" queuing="2013-04-18T19:32:40.0037141+01:00" start="2013-04-18T19:32:40.0087144+01:00" finish="2013-04-18T19:32:40.5877475+01:00" />
  <ResultSummary outcome="Failed">
    <Counters total="11" executed="11" passed="5" error="0" failed="6" timeout="0" aborted="0" inconclusive="0" passedButRunAborted="0" notRunnable="0" notExecuted="0" disconnected="0" warning="0" completed="0" inProgress="0" pending="0" />
    <RunInfos>
      <RunInfo computerName="ADAMK117-PC" outcome="Warning" timestamp="2013-04-18T19:32:40.0037141+01:00">
        <Text>Deployment is currently disabled. The deployment item 'SafetyProgram.exe' on test 'SafetyProgram.UnitTests.CoshhRibbonTest.documentChangedTest' was not deployed.</Text>
      </RunInfo>
    </RunInfos>
  </ResultSummary>
  <TestDefinitions>
    <UnitTest name="documentChangedTest" storage="v:\safetyprogram\safetyprogram.unittests\bin\debug\safetyprogram.unittests.dll" id="b5cfc279-d810-274e-b350-7b236383d2bf">
      <DeploymentItems>
        <DeploymentItem filename="SafetyProgram.exe" />
      </DeploymentItems>
      <Execution id="dce1c276-0d16-47bf-b2c4-615e167a0fde" />
      <TestMethod codeBase="V:/SafetyProgram/SafetyProgram.UnitTests/bin/Debug/SafetyProgram.UnitTests.DLL" adapterTypeName="Microsoft.VisualStudio.TestTools.TestTypes.Unit.UnitTestAdapter, Microsoft.VisualStudio.QualityTools.Tips.UnitTest.Adapter, Version=10.0.0.0, Culture=neutral, PublicKeyToken=b03f5f7f11d50a3a" className="SafetyProgram.UnitTests.CoshhRibbonTest, SafetyProgram.UnitTests, Version=1.0.0.0, Culture=neutral, PublicKeyToken=null" name="documentChangedTest" />
    </UnitTest>
    <UnitTest name="WindowCommandsTest" storage="v:\safetyprogram\safetyprogram.unittests\bin\debug\safetyprogram.unittests.dll" id="2dc15571-cdfc-84e6-2adb-38c757828f4e">
      <Execution id="8110190f-394a-429f-9509-232a058bf227" />
      <TestMethod codeBase="V:/SafetyProgram/SafetyProgram.UnitTests/bin/Debug/SafetyProgram.UnitTests.DLL" adapterTypeName="Microsoft.VisualStudio.TestTools.TestTypes.Unit.UnitTestAdapter, Microsoft.VisualStudio.QualityTools.Tips.UnitTest.Adapter, Version=10.0.0.0, Culture=neutral, PublicKeyToken=b03f5f7f11d50a3a" className="SafetyProgram.UnitTests.CoshhRibbonTest, SafetyProgram.UnitTests, Version=1.0.0.0, Culture=neutral, PublicKeyToken=null" name="WindowCommandsTest" />
    </UnitTest>
    <UnitTest name="DocumentCommandsTest" storage="v:\safetyprogram\safetyprogram.unittests\bin\debug\safetyprogram.unittests.dll" id="b0ca187d-77c3-fd8a-5a3b-e484e100771e">
      <Execution id="34c70de5-4238-4831-bf6d-b4c7fc4329b8" />
      <TestMethod codeBase="V:/SafetyProgram/SafetyProgram.UnitTests/bin/Debug/SafetyProgram.UnitTests.DLL" adapterTypeName="Microsoft.VisualStudio.TestTools.TestTypes.Unit.UnitTestAdapter, Microsoft.VisualStudio.QualityTools.Tips.UnitTest.Adapter, Version=10.0.0.0, Culture=neutral, PublicKeyToken=b03f5f7f11d50a3a" className="SafetyProgram.UnitTests.CoshhRibbonTest, SafetyProgram.UnitTests, Version=1.0.0.0, Culture=neutral, PublicKeyToken=null" name="DocumentCommandsTest" />
    </UnitTest>
    <UnitTest name="CoshhWindow_TestConstruction" storage="v:\safetyprogram\safetyprogram.unittests\bin\debug\safetyprogram.unittests.dll" id="5689a082-2bda-b771-35ad-7ad98384552d">
      <Execution id="5731802c-b1b3-4711-94f1-6488a6fa9a6c" />
      <TestMethod codeBase="V:/SafetyProgram/SafetyProgram.UnitTests/bin/Debug/SafetyProgram.UnitTests.DLL" adapterTypeName="Microsoft.VisualStudio.TestTools.TestTypes.Unit.UnitTestAdapter, Microsoft.VisualStudio.QualityTools.Tips.UnitTest.Adapter, Version=10.0.0.0, Culture=neutral, PublicKeyToken=b03f5f7f11d50a3a" className="SafetyProgram.UnitTests.CoshhDocumentApiTests, SafetyProgram.UnitTests, Version=1.0.0.0, Culture=neutral, PublicKeyToken=null" name="CoshhWindow_TestConstruction" />
    </UnitTest>
    <UnitTest name="CoshhWindow_SetDocumentNull" storage="v:\safetyprogram\safetyprogram.unittests\bin\debug\safetyprogram.unittests.dll" id="056f6d2d-14aa-9904-d44f-b569b71765ec">
      <Execution id="1e6c65d9-17cb-424c-b43a-5597c3309cad" />
      <TestMethod codeBase="V:/SafetyProgram/SafetyProgram.UnitTests/bin/Debug/SafetyProgram.UnitTests.DLL" adapterTypeName="Microsoft.VisualStudio.TestTools.TestTypes.Unit.UnitTestAdapter, Microsoft.VisualStudio.QualityTools.Tips.UnitTest.Adapter, Version=10.0.0.0, Culture=neutral, PublicKeyToken=b03f5f7f11d50a3a" className="SafetyProgram.UnitTests.CoshhDocumentApiTests, SafetyProgram.UnitTests, Version=1.0.0.0, Culture=neutral, PublicKeyToken=null" name="CoshhWindow_SetDocumentNull" />
    </UnitTest>
    <UnitTest name="CoshhWindow_SetServiceToNull" storage="v:\safetyprogram\safetyprogram.unittests\bin\debug\safetyprogram.unittests.dll" id="2c6b6b18-31bc-f724-aa79-7eb4ede324c1">
      <Execution id="0142cffa-6932-484e-a07e-8bc302597955" />
      <TestMethod codeBase="V:/SafetyProgram/SafetyProgram.UnitTests/bin/Debug/SafetyProgram.UnitTests.DLL" adapterTypeName="Microsoft.VisualStudio.TestTools.TestTypes.Unit.UnitTestAdapter, Microsoft.VisualStudio.QualityTools.Tips.UnitTest.Adapter, Version=10.0.0.0, Culture=neutral, PublicKeyToken=b03f5f7f11d50a3a" className="SafetyProgram.UnitTests.CoshhDocumentApiTests, SafetyProgram.UnitTests, Version=1.0.0.0, Culture=neutral, PublicKeyToken=null" name="CoshhWindow_SetServiceToNull" />
    </UnitTest>
    <UnitTest name="CoshhRibbonConstructorTest" storage="v:\safetyprogram\safetyprogram.unittests\bin\debug\safetyprogram.unittests.dll" id="de7f3a6e-702d-2131-6c3c-0c58059b65b0">
      <Execution id="aa7730c5-c965-4ff5-a371-7bec81c84501" />
      <TestMethod codeBase="V:/SafetyProgram/SafetyProgram.UnitTests/bin/Debug/SafetyProgram.UnitTests.DLL" adapterTypeName="Microsoft.VisualStudio.TestTools.TestTypes.Unit.UnitTestAdapter, Microsoft.VisualStudio.QualityTools.Tips.UnitTest.Adapter, Version=10.0.0.0, Culture=neutral, PublicKeyToken=b03f5f7f11d50a3a" className="SafetyProgram.UnitTests.CoshhRibbonTest, SafetyProgram.UnitTests, Version=1.0.0.0, Culture=neutral, PublicKeyToken=null" name="CoshhRibbonConstructorTest" />
    </UnitTest>
    <UnitTest name="ViewTest" storage="v:\safetyprogram\safetyprogram.unittests\bin\debug\safetyprogram.unittests.dll" id="d025d492-8365-fbb8-2bc2-5b20876b8619">
      <Execution id="cef47a65-76ad-4397-9160-276c06ace517" />
      <TestMethod codeBase="V:/SafetyProgram/SafetyProgram.UnitTests/bin/Debug/SafetyProgram.UnitTests.DLL" adapterTypeName="Microsoft.VisualStudio.TestTools.TestTypes.Unit.UnitTestAdapter, Microsoft.VisualStudio.QualityTools.Tips.UnitTest.Adapter, Version=10.0.0.0, Culture=neutral, PublicKeyToken=b03f5f7f11d50a3a" className="SafetyProgram.UnitTests.CoshhRibbonTest, SafetyProgram.UnitTests, Version=1.0.0.0, Culture=neutral, PublicKeyToken=null" name="ViewTest" />
    </UnitTest>
    <UnitTest name="CoshhWindow_ChangeDocument" storage="v:\safetyprogram\safetyprogram.unittests\bin\debug\safetyprogram.unittests.dll" id="01136a85-a76c-626a-1c31-adabe0be87a0">
      <Execution id="55c6d645-0ce9-4426-a08f-e23f4a31b679" />
      <TestMethod codeBase="V:/SafetyProgram/SafetyProgram.UnitTests/bin/Debug/SafetyProgram.UnitTests.DLL" adapterTypeName="Microsoft.VisualStudio.TestTools.TestTypes.Unit.UnitTestAdapter, Microsoft.VisualStudio.QualityTools.Tips.UnitTest.Adapter, Version=10.0.0.0, Culture=neutral, PublicKeyToken=b03f5f7f11d50a3a" className="SafetyProgram.UnitTests.CoshhDocumentApiTests, SafetyProgram.UnitTests, Version=1.0.0.0, Culture=neutral, PublicKeyToken=null" name="CoshhWindow_ChangeDocument" />
    </UnitTest>
    <UnitTest name="RibbonVisibilityTest" storage="v:\safetyprogram\safetyprogram.unittests\bin\debug\safetyprogram.unittests.dll" id="a68867b2-b747-5e1c-a518-accc8a31d973">
      <Execution id="80af539a-359c-4eea-9795-89b474a79c3a" />
      <TestMethod codeBase="V:/SafetyProgram/SafetyProgram.UnitTests/bin/Debug/SafetyProgram.UnitTests.DLL" adapterTypeName="Microsoft.VisualStudio.TestTools.TestTypes.Unit.UnitTestAdapter, Microsoft.VisualStudio.QualityTools.Tips.UnitTest.Adapter, Version=10.0.0.0, Culture=neutral, PublicKeyToken=b03f5f7f11d50a3a" className="SafetyProgram.UnitTests.CoshhRibbonTest, SafetyProgram.UnitTests, Version=1.0.0.0, Culture=neutral, PublicKeyToken=null" name="RibbonVisibilityTest" />
    </UnitTest>
    <UnitTest name="CoshhWindow_ChangeService" storage="v:\safetyprogram\safetyprogram.unittests\bin\debug\safetyprogram.unittests.dll" id="5d8f056a-4dd2-f5f6-ab85-d120b30931b5">
      <Execution id="bbe8e8d4-812d-4659-aade-16b896d898e5" />
      <TestMethod codeBase="V:/SafetyProgram/SafetyProgram.UnitTests/bin/Debug/SafetyProgram.UnitTests.DLL" adapterTypeName="Microsoft.VisualStudio.TestTools.TestTypes.Unit.UnitTestAdapter, Microsoft.VisualStudio.QualityTools.Tips.UnitTest.Adapter, Version=10.0.0.0, Culture=neutral, PublicKeyToken=b03f5f7f11d50a3a" className="SafetyProgram.UnitTests.CoshhDocumentApiTests, SafetyProgram.UnitTests, Version=1.0.0.0, Culture=neutral, PublicKeyToken=null" name="CoshhWindow_ChangeService" />
    </UnitTest>
  </TestDefinitions>
  <TestLists>
    <TestList name="Results Not in a List" id="8c84fa94-04c1-424b-9868-57a2d4851a1d" />
    <TestList name="All Loaded Results" id="19431567-8539-422a-85d7-44ee4e166bda" />
  </TestLists>
  <TestEntries>
    <TestEntry testId="01136a85-a76c-626a-1c31-adabe0be87a0" executionId="55c6d645-0ce9-4426-a08f-e23f4a31b679" testListId="8c84fa94-04c1-424b-9868-57a2d4851a1d" />
    <TestEntry testId="056f6d2d-14aa-9904-d44f-b569b71765ec" executionId="1e6c65d9-17cb-424c-b43a-5597c3309cad" testListId="8c84fa94-04c1-424b-9868-57a2d4851a1d" />
    <TestEntry testId="2c6b6b18-31bc-f724-aa79-7eb4ede324c1" executionId="0142cffa-6932-484e-a07e-8bc302597955" testListId="8c84fa94-04c1-424b-9868-57a2d4851a1d" />
    <TestEntry testId="2dc15571-cdfc-84e6-2adb-38c757828f4e" executionId="8110190f-394a-429f-9509-232a058bf227" testListId="8c84fa94-04c1-424b-9868-57a2d4851a1d" />
    <TestEntry testId="5689a082-2bda-b771-35ad-7ad98384552d" executionId="5731802c-b1b3-4711-94f1-6488a6fa9a6c" testListId="8c84fa94-04c1-424b-9868-57a2d4851a1d" />
    <TestEntry testId="5d8f056a-4dd2-f5f6-ab85-d120b30931b5" executionId="bbe8e8d4-812d-4659-aade-16b896d898e5" testListId="8c84fa94-04c1-424b-9868-57a2d4851a1d" />
    <TestEntry testId="a68867b2-b747-5e1c-a518-accc8a31d973" executionId="80af539a-359c-4eea-9795-89b474a79c3a" testListId="8c84fa94-04c1-424b-9868-57a2d4851a1d" />
    <TestEntry testId="b0ca187d-77c3-fd8a-5a3b-e484e100771e" executionId="34c70de5-4238-4831-bf6d-b4c7fc4329b8" testListId="8c84fa94-04c1-424b-9868-57a2d4851a1d" />
    <TestEntry testId="b5cfc279-d810-274e-b350-7b236383d2bf" executionId="dce1c276-0d16-47bf-b2c4-615e167a0fde" testListId="8c84fa94-04c1-424b-9868-57a2d4851a1d" />
    <TestEntry testId="d025d492-8365-fbb8-2bc2-5b20876b8619" executionId="cef47a65-76ad-4397-9160-276c06ace517" testListId="8c84fa94-04c1-424b-9868-57a2d4851a1d" />
    <TestEntry testId="de7f3a6e-702d-2131-6c3c-0c58059b65b0" executionId="aa7730c5-c965-4ff5-a371-7bec81c84501" testListId="8c84fa94-04c1-424b-9868-57a2d4851a1d" />
  </TestEntries>
  <Results>
    <UnitTestResult executionId="55c6d645-0ce9-4426-a08f-e23f4a31b679" testId="01136a85-a76c-626a-1c31-adabe0be87a0" testName="CoshhWindow_ChangeDocument" computerName="ADAMK117-PC" duration="00:00:00.2924310" startTime="2013-04-18T19:32:40.0117146+01:00" endTime="2013-04-18T19:32:40.4287384+01:00" testType="13cdc9d9-ddb5-4fa4-a97d-d965ccfc6d4b" outcome="Passed" testListId="8c84fa94-04c1-424b-9868-57a2d4851a1d" relativeResultsDirectory="55c6d645-0ce9-4426-a08f-e23f4a31b679">
    </UnitTestResult>
    <UnitTestResult executionId="1e6c65d9-17cb-424c-b43a-5597c3309cad" testId="056f6d2d-14aa-9904-d44f-b569b71765ec" testName="CoshhWindow_SetDocumentNull" computerName="ADAMK117-PC" duration="00:00:00.0089102" startTime="2013-04-18T19:32:40.4297385+01:00" endTime="2013-04-18T19:32:40.4427392+01:00" testType="13cdc9d9-ddb5-4fa4-a97d-d965ccfc6d4b" outcome="Passed" testListId="8c84fa94-04c1-424b-9868-57a2d4851a1d" relativeResultsDirectory="1e6c65d9-17cb-424c-b43a-5597c3309cad">
    </UnitTestResult>
    <UnitTestResult executionId="0142cffa-6932-484e-a07e-8bc302597955" testId="2c6b6b18-31bc-f724-aa79-7eb4ede324c1" testName="CoshhWindow_SetServiceToNull" computerName="ADAMK117-PC" duration="00:00:00.0080202" startTime="2013-04-18T19:32:40.4437393+01:00" endTime="2013-04-18T19:32:40.4547399+01:00" testType="13cdc9d9-ddb5-4fa4-a97d-d965ccfc6d4b" outcome="Passed" testListId="8c84fa94-04c1-424b-9868-57a2d4851a1d" relativeResultsDirectory="0142cffa-6932-484e-a07e-8bc302597955">
    </UnitTestResult>
    <UnitTestResult executionId="8110190f-394a-429f-9509-232a058bf227" testId="2dc15571-cdfc-84e6-2adb-38c757828f4e" testName="WindowCommandsTest" computerName="ADAMK117-PC" duration="00:00:00.0162432" startTime="2013-04-18T19:32:40.4557400+01:00" endTime="2013-04-18T19:32:40.4757411+01:00" testType="13cdc9d9-ddb5-4fa4-a97d-d965ccfc6d4b" outcome="Failed" testListId="8c84fa94-04c1-424b-9868-57a2d4851a1d" relativeResultsDirectory="8110190f-394a-429f-9509-232a058bf227">
      <Output>
        <ErrorInfo>
          <Message>Test method SafetyProgram.UnitTests.CoshhRibbonTest.WindowCommandsTest threw exception: 
System.NullReferenceException: Object reference not set to an instance of an object.</Message>
          <StackTrace>    at SafetyProgram.Ribbons.CoshhRibbon..ctor(CoshhWindow window) in V:\SafetyProgram\SafetyProgram\Ribbons\CoshhRibbon.cs:line 30
   at SafetyProgram.UnitTests.CoshhRibbonTest.WindowCommandsTest() in V:\SafetyProgram\SafetyProgram.UnitTests\CoshhRibbonTest.cs:line 155
</StackTrace>
        </ErrorInfo>
      </Output>
    </UnitTestResult>
    <UnitTestResult executionId="5731802c-b1b3-4711-94f1-6488a6fa9a6c" testId="5689a082-2bda-b771-35ad-7ad98384552d" testName="CoshhWindow_TestConstruction" computerName="ADAMK117-PC" duration="00:00:00.0078342" startTime="2013-04-18T19:32:40.4767412+01:00" endTime="2013-04-18T19:32:40.4877418+01:00" testType="13cdc9d9-ddb5-4fa4-a97d-d965ccfc6d4b" outcome="Passed" testListId="8c84fa94-04c1-424b-9868-57a2d4851a1d" relativeResultsDirectory="5731802c-b1b3-4711-94f1-6488a6fa9a6c">
    </UnitTestResult>
    <UnitTestResult executionId="bbe8e8d4-812d-4659-aade-16b896d898e5" testId="5d8f056a-4dd2-f5f6-ab85-d120b30931b5" testName="CoshhWindow_ChangeService" computerName="ADAMK117-PC" duration="00:00:00.0075347" startTime="2013-04-18T19:32:40.4887419+01:00" endTime="2013-04-18T19:32:40.4997425+01:00" testType="13cdc9d9-ddb5-4fa4-a97d-d965ccfc6d4b" outcome="Passed" testListId="8c84fa94-04c1-424b-9868-57a2d4851a1d" relativeResultsDirectory="bbe8e8d4-812d-4659-aade-16b896d898e5">
    </UnitTestResult>
    <UnitTestResult executionId="80af539a-359c-4eea-9795-89b474a79c3a" testId="a68867b2-b747-5e1c-a518-accc8a31d973" testName="RibbonVisibilityTest" computerName="ADAMK117-PC" duration="00:00:00.0069039" startTime="2013-04-18T19:32:40.5007425+01:00" endTime="2013-04-18T19:32:40.5107431+01:00" testType="13cdc9d9-ddb5-4fa4-a97d-d965ccfc6d4b" outcome="Failed" testListId="8c84fa94-04c1-424b-9868-57a2d4851a1d" relativeResultsDirectory="80af539a-359c-4eea-9795-89b474a79c3a">
      <Output>
        <ErrorInfo>
          <Message>Test method SafetyProgram.UnitTests.CoshhRibbonTest.RibbonVisibilityTest threw exception: 
System.NullReferenceException: Object reference not set to an instance of an object.</Message>
          <StackTrace>    at SafetyProgram.Ribbons.CoshhRibbon..ctor(CoshhWindow window) in V:\SafetyProgram\SafetyProgram\Ribbons\CoshhRibbon.cs:line 30
   at SafetyProgram.UnitTests.CoshhRibbonTest.RibbonVisibilityTest() in V:\SafetyProgram\SafetyProgram.UnitTests\CoshhRibbonTest.cs:line 129
</StackTrace>
        </ErrorInfo>
      </Output>
    </UnitTestResult>
    <UnitTestResult executionId="34c70de5-4238-4831-bf6d-b4c7fc4329b8" testId="b0ca187d-77c3-fd8a-5a3b-e484e100771e" testName="DocumentCommandsTest" computerName="ADAMK117-PC" duration="00:00:00.0070036" startTime="2013-04-18T19:32:40.5127432+01:00" endTime="2013-04-18T19:32:40.5227438+01:00" testType="13cdc9d9-ddb5-4fa4-a97d-d965ccfc6d4b" outcome="Failed" testListId="8c84fa94-04c1-424b-9868-57a2d4851a1d" relativeResultsDirectory="34c70de5-4238-4831-bf6d-b4c7fc4329b8">
      <Output>
        <ErrorInfo>
          <Message>Test method SafetyProgram.UnitTests.CoshhRibbonTest.DocumentCommandsTest threw exception: 
System.NullReferenceException: Object reference not set to an instance of an object.</Message>
          <StackTrace>    at SafetyProgram.Ribbons.CoshhRibbon..ctor(CoshhWindow window) in V:\SafetyProgram\SafetyProgram\Ribbons\CoshhRibbon.cs:line 30
   at SafetyProgram.UnitTests.CoshhRibbonTest.DocumentCommandsTest() in V:\SafetyProgram\SafetyProgram.UnitTests\CoshhRibbonTest.cs:line 116
</StackTrace>
        </ErrorInfo>
      </Output>
    </UnitTestResult>
    <UnitTestResult executionId="dce1c276-0d16-47bf-b2c4-615e167a0fde" testId="b5cfc279-d810-274e-b350-7b236383d2bf" testName="documentChangedTest" computerName="ADAMK117-PC" duration="00:00:00.0106897" startTime="2013-04-18T19:32:40.5237439+01:00" endTime="2013-04-18T19:32:40.5377447+01:00" testType="13cdc9d9-ddb5-4fa4-a97d-d965ccfc6d4b" outcome="Failed" testListId="8c84fa94-04c1-424b-9868-57a2d4851a1d" relativeResultsDirectory="dce1c276-0d16-47bf-b2c4-615e167a0fde">
      <Output>
        <ErrorInfo>
          <Message>Test method SafetyProgram.UnitTests.CoshhRibbonTest.documentChangedTest threw exception: 
System.NullReferenceException: Object reference not set to an instance of an object.</Message>
          <StackTrace>   at SafetyProgram.Ribbons.CoshhRibbon_Accessor.documentChanged(CoshhDocument document)
   at SafetyProgram.UnitTests.CoshhRibbonTest.documentChangedTest() in V:\SafetyProgram\SafetyProgram.UnitTests\CoshhRibbonTest.cs:line 105
</StackTrace>
        </ErrorInfo>
      </Output>
    </UnitTestResult>
    <UnitTestResult executionId="cef47a65-76ad-4397-9160-276c06ace517" testId="d025d492-8365-fbb8-2bc2-5b20876b8619" testName="ViewTest" computerName="ADAMK117-PC" duration="00:00:00.0067894" startTime="2013-04-18T19:32:40.5387447+01:00" endTime="2013-04-18T19:32:40.5487453+01:00" testType="13cdc9d9-ddb5-4fa4-a97d-d965ccfc6d4b" outcome="Failed" testListId="8c84fa94-04c1-424b-9868-57a2d4851a1d" relativeResultsDirectory="cef47a65-76ad-4397-9160-276c06ace517">
      <Output>
        <ErrorInfo>
          <Message>Test method SafetyProgram.UnitTests.CoshhRibbonTest.ViewTest threw exception: 
System.NullReferenceException: Object reference not set to an instance of an object.</Message>
          <StackTrace>    at SafetyProgram.Ribbons.CoshhRibbon..ctor(CoshhWindow window) in V:\SafetyProgram\SafetyProgram\Ribbons\CoshhRibbon.cs:line 30
   at SafetyProgram.UnitTests.CoshhRibbonTest.ViewTest() in V:\SafetyProgram\SafetyProgram.UnitTests\CoshhRibbonTest.cs:line 142
</StackTrace>
        </ErrorInfo>
      </Output>
    </UnitTestResult>
    <UnitTestResult executionId="aa7730c5-c965-4ff5-a371-7bec81c84501" testId="de7f3a6e-702d-2131-6c3c-0c58059b65b0" testName="CoshhRibbonConstructorTest" computerName="ADAMK117-PC" duration="00:00:00.0218069" startTime="2013-04-18T19:32:40.5497454+01:00" endTime="2013-04-18T19:32:40.5747468+01:00" testType="13cdc9d9-ddb5-4fa4-a97d-d965ccfc6d4b" outcome="Failed" testListId="8c84fa94-04c1-424b-9868-57a2d4851a1d" relativeResultsDirectory="aa7730c5-c965-4ff5-a371-7bec81c84501">
      <Output>
        <ErrorInfo>
          <Message>Test method SafetyProgram.UnitTests.CoshhRibbonTest.CoshhRibbonConstructorTest threw exception: 
System.NotSupportedException: Invalid setup on a non-virtual (overridable in VB) member: window =&gt; window.Commands</Message>
          <StackTrace>    at Moq.Mock.ThrowIfCantOverride(Expression setup, MethodInfo method)
   at Moq.Mock.&lt;&gt;c__DisplayClass1f`2.&lt;SetupGet&gt;b__1e()
   at Moq.PexProtector.Invoke[T](Func`1 function)
   at Moq.Mock.SetupGet[T,TProperty](Mock mock, Expression`1 expression, Func`1 condition)
   at Moq.Mock.&lt;&gt;c__DisplayClass1c`2.&lt;Setup&gt;b__1b()
   at Moq.PexProtector.Invoke[T](Func`1 function)
   at Moq.Mock.Setup[T,TResult](Mock mock, Expression`1 expression, Func`1 condition)
   at Moq.Mock`1.Setup[TResult](Expression`1 expression)
   at SafetyProgram.UnitTests.CoshhRibbonTest.CoshhRibbonConstructorTest() in V:\SafetyProgram\SafetyProgram.UnitTests\CoshhRibbonTest.cs:line 79
</StackTrace>
        </ErrorInfo>
      </Output>
    </UnitTestResult>
  </Results>
</TestRun>